D:\Home-Robot\2_Workspace\System Generator\12_DK_system_ver3\2_Top\Top\top.ngc 1501523332
D:\Home-Robot\2_Workspace\System Generator\12_DK_system_ver3\2_Top\Top/okWireIn.ngc 1501414211
D:\Home-Robot\2_Workspace\System Generator\12_DK_system_ver3\2_Top\Top/okWireOut.ngc 1501414211
D:\Home-Robot\2_Workspace\System Generator\12_DK_system_ver3\2_Top\Top/okBTPipeOut.ngc 1501414211
ipcore_dir/fifo.ngc 1501523194
../../1_HDL_Netlist/dkver1_cw.ngc 1501414211
../../1_HDL_Netlist/xlpersistentdff.ngc 1501414211
../../1_HDL_Netlist/cntr_11_0_80e8f2a7fd3ba205.ngc 1501414211
../../1_HDL_Netlist/cntr_11_0_81606633e3bc7b5b.ngc 1501414211
../../1_HDL_Netlist/addsb_11_0_c56061fb4dfcdca4.ngc 1501414211
../../1_HDL_Netlist/cntr_11_0_00fd590c4e52f518.ngc 1501414211
D:\Home-Robot\2_Workspace\System Generator\12_DK_system_ver3\2_Top\Top/okCoreHarness.ngc 1501414211
D:\Home-Robot\2_Workspace\System Generator\12_DK_system_ver3\2_Top\Top/TFIFO64x8a_64x8b.ngc 1501414211
ipcore_dir/input_fifo.ngc 1501414211
ipcore_dir/filter.ngc 1501414211
OK
