D:\Home-Robot\2_Workspace\System Generator\12_DK_system_ver2\2_Top\Top\top.ngc 1501253286
D:\Home-Robot\2_Workspace\System Generator\12_DK_system_ver2\2_Top\Top/okWireIn.ngc 1423618230
D:\Home-Robot\2_Workspace\System Generator\12_DK_system_ver2\2_Top\Top/okWireOut.ngc 1423618230
D:\Home-Robot\2_Workspace\System Generator\12_DK_system_ver2\2_Top\Top/okBTPipeOut.ngc 1423618230
ipcore_dir/fifo.ngc 1501253182
../../1_HDL_Netlist/dkver1_cw.ngc 1501246315
../../1_HDL_Netlist/xlpersistentdff.ngc 1501245694
../../1_HDL_Netlist/cntr_11_0_80e8f2a7fd3ba205.ngc 1484550867
../../1_HDL_Netlist/cntr_11_0_81606633e3bc7b5b.ngc 1485074680
../../1_HDL_Netlist/addsb_11_0_c56061fb4dfcdca4.ngc 1486006510
../../1_HDL_Netlist/cntr_11_0_00fd590c4e52f518.ngc 1484550839
D:\Home-Robot\2_Workspace\System Generator\12_DK_system_ver2\2_Top\Top/okCoreHarness.ngc 1423618230
D:\Home-Robot\2_Workspace\System Generator\12_DK_system_ver2\2_Top\Top/TFIFO64x8a_64x8b.ngc 1423618230
ipcore_dir/input_fifo.ngc 1467484322
ipcore_dir/filter.ngc 1467160934
OK
